Microchip MPLAB XC8 Compiler V2.05 ()

Linker command line:

-W-3 --edf=C:\Program Files (x86)\Microchip\xc8\v2.05\pic\dat\en_msgs.txt \
  -cs -h+dist/default/debug\00119Repo.X.debug.sym \
  --cmf=dist/default/debug\00119Repo.X.debug.cmf -z -Q16LF15325 \
  -oC:\Users\tec4.ele\AppData\Local\Temp\scnk.2 --defsym=__MPLAB_BUILD=1 \
  -Mdist/default/debug/00119Repo.X.debug.map -E1 -ver=XC8 --acfsm=1493 \
  -ASTACK=02110h-023EFh -pstack=STACK -ACODE=00h-07FFhx4 \
  -ASTRCODE=00h-01FFFh -ASTRING=00h-0FFhx32 -ACONST=00h-0FFhx32 \
  -AENTRY=00h-0FFhx32 -ACOMMON=070h-07Fh -ABANK0=020h-06Fh \
  -ABANK1=0A0h-0EFh -ABANK2=0120h-016Fh -ABANK3=01A0h-01EFh \
  -ABANK4=0220h-026Fh -ABANK5=02A0h-02EFh -ABANK6=0320h-036Fh \
  -ABANK7=03A0h-03EFh -ABANK8=0420h-046Fh -ABANK9=04A0h-04EFh \
  -ABANK10=0520h-056Fh -ABANK11=05A0h-05EFh -ABANK12=0620h-064Fh \
  -ABIGRAM=02000h-023EFh \
  -ARAM=020h-06Fh,0A0h-0EFh,0120h-016Fh,01A0h-01EFh,0220h-026Fh,02A0h-02EFh,0320h-036Fh,03A0h-03EFh,0420h-046Fh,04A0h-04EFh,0520h-056Fh,05A0h-05EFh,0620h-064Fh \
  -AABS1=020h-07Fh,0A0h-0EFh,0120h-016Fh,01A0h-01EFh,0220h-026Fh,02A0h-02EFh,0320h-036Fh,03A0h-03EFh,0420h-046Fh,04A0h-04EFh,0520h-056Fh,05A0h-05EFh,0620h-064Fh \
  -ASFR0=00h-01Fh -ASFR1=080h-09Fh -ASFR2=0100h-011Fh -ASFR3=0180h-019Fh \
  -ASFR4=0200h-021Fh -ASFR5=0280h-029Fh -ASFR6=0300h-031Fh \
  -ASFR7=0380h-039Fh -ASFR8=0400h-041Fh -ASFR9=0480h-049Fh \
  -ASFR10=0500h-051Fh -ASFR11=0580h-059Fh -ASFR12=0600h-061Fh \
  -ASFR13=0680h-06EFh -ASFR14=0700h-076Fh -ASFR15=0780h-07EFh \
  -ASFR16=0800h-086Fh -ASFR17=0880h-08EFh -ASFR18=0900h-096Fh \
  -ASFR19=0980h-09EFh -ASFR20=0A00h-0A6Fh -ASFR21=0A80h-0AEFh \
  -ASFR22=0B00h-0B6Fh -ASFR23=0B80h-0BEFh -ASFR24=0C00h-0C6Fh \
  -ASFR25=0C80h-0CEFh -ASFR26=0D00h-0D6Fh -ASFR27=0D80h-0DEFh \
  -ASFR28=0E00h-0E6Fh -ASFR29=0E80h-0EEFh -ASFR30=0F00h-0F6Fh \
  -ASFR31=0F80h-0FEFh -ASFR32=01000h-0106Fh -ASFR33=01080h-010EFh \
  -ASFR34=01100h-0116Fh -ASFR35=01180h-011EFh -ASFR36=01200h-0126Fh \
  -ASFR37=01280h-012EFh -ASFR38=01300h-0136Fh -ASFR39=01380h-013EFh \
  -ASFR40=01400h-0146Fh -ASFR41=01480h-014EFh -ASFR42=01500h-0156Fh \
  -ASFR43=01580h-015EFh -ASFR44=01600h-0166Fh -ASFR45=01680h-016EFh \
  -ASFR46=01700h-0176Fh -ASFR47=01780h-017EFh -ASFR48=01800h-0186Fh \
  -ASFR49=01880h-018EFh -ASFR50=01900h-0196Fh -ASFR51=01980h-019EFh \
  -ASFR52=01A00h-01A6Fh -ASFR53=01A80h-01AEFh -ASFR54=01B00h-01B6Fh \
  -ASFR55=01B80h-01BEFh -ASFR56=01C00h-01C6Fh -ASFR57=01C80h-01CEFh \
  -ASFR58=01D00h-01D6Fh -ASFR59=01D80h-01DEFh -ASFR60=01E00h-01E6Fh \
  -ASFR61=01E80h-01EEFh -ASFR62=01F00h-01F6Fh -ASFR63=01F80h-01FEFh \
  -preset_vec=00h,intentry,init,end_init -ppowerup=CODE -pcinit=CODE \
  -pfunctab=ENTRY -ACONFIG=08007h-0800Bh -pconfig=CONFIG -DCONFIG=2 \
  -AIDLOC=08000h-08003h -pidloc=IDLOC -DIDLOC=2 -DCODE=2 -DSTRCODE=2 \
  -DSTRING=2 -DCONST=2 -DENTRY=2 -k \
  C:\Users\tec4.ele\AppData\Local\Temp\scnk.o \
  dist/default/debug\00119Repo.X.debug.o 

Object code version is 3.11

Machine type is 16LF15325



                Name                               Link     Load   Length Selector   Space Scale
C:\Users\tec4.ele\AppData\Local\Temp\scnk.o
                end_init                              2        2        2        0       0
                reset_vec                             0        0        2        0       0
                config                             8007     8007        5    1000E       0
dist/default/debug\00119Repo.X.debug.o
                cinit                               7E8      7E8       18      FD0       0
                text33                              E96      E96        6     1D2C       0
                text32                              E9C      E9C        6     1D38       0
                text31                              EA2      EA2        6     1D44       0
                text30                              F9A      F9A       21     1F34       0
                text29                              EAE      EAE        8     1D5C       0
                text28                              312      312       F3      624       0
                text27                              236      236       DC      46C       0
                text26                              F09      F09       17     1E12       0
                text25                              ED3      ED3        C     1DA6       0
                text24                               D8       D8       35      1B0       0
                text23                               4B       4B       26       96       0
                text22                              F65      F65       18     1ECA       0
                text21                              142      142       50      284       0
                text20                              53B      53B      153      A76       0
                text19                              F7D      F7D       1D     1EFA       0
                text18                              F20      F20       17     1E40       0
                text17                              F37      F37       17     1E6E       0
                text16                              FBB      FBB       21     1F76       0
                text15                              68E      68E      15A      D1C       0
                text14                              405      405      136      80A       0
                text13                              10D      10D       35      21A       0
                text12                              EF3      EF3       16     1DE6       0
                text11                              F4E      F4E       17     1E9C       0
                text10                                6        6       21        C       0
                text9                               FDC      FDC       24     1FB8       0
                text8                                27       27       24       4E       0
                text7                               E91      E91        5     1D22       0
                text6                                A4       A4       34      148       0
                text5                               EB6      EB6        8     1D6C       0
                text4                                71       71       33       E2       0
                text3                               EDF      EDF       14     1DBE       0
                text2                               EC8      EC8        B     1D90       0
                text1                               EBE      EBE        A     1D7C       0
                maintext                            192      192       A4      324       0
                cstackBANK0                          20       20       50       20       1
                cstackCOMMON                         70       70        E       70       1
                cstackBANK1                          A0       A0       4B       A0       1
                cstackBANK2                         15C      15C        9      120       1
                clrtext                             EA8      EA8        6     1D50       0
                bssBANK3                            1A0      1A0       20      1A0       1
                bssBANK2                            120      120       3C      120       1
                bssBANK1                             EB       EB        5       A0       1
                stringtext6                        106C     106C       17     2000       0
                stringtext5                        1054     1054       18     2000       0
                stringtext4                        103B     103B       19     2000       0
                stringtext3                        1021     1021       1A     2000       0
                stringtext2                        1000     1000       21     2000       0
                nvBANK2                             165      165        6      120       1
                stringtext1                         800      800       2D     1000       0

TOTAL           Name                               Link     Load   Length     Space
        CLASS   STACK          

        CLASS   CODE           
                end_init                              2        2        2         0
                cinit                               7E8      7E8       18         0
                reset_vec                             0        0        2         0
                text33                              E96      E96        6         0
                text32                              E9C      E9C        6         0
                text31                              EA2      EA2        6         0
                text30                              F9A      F9A       21         0
                text29                              EAE      EAE        8         0
                text28                              312      312       F3         0
                text27                              236      236       DC         0
                text26                              F09      F09       17         0
                text25                              ED3      ED3        C         0
                text24                               D8       D8       35         0
                text23                               4B       4B       26         0
                text22                              F65      F65       18         0
                text21                              142      142       50         0
                text20                              53B      53B      153         0
                text19                              F7D      F7D       1D         0
                text18                              F20      F20       17         0
                text17                              F37      F37       17         0
                text16                              FBB      FBB       21         0
                text15                              68E      68E      15A         0
                text14                              405      405      136         0
                text13                              10D      10D       35         0
                text12                              EF3      EF3       16         0
                text11                              F4E      F4E       17         0
                text10                                6        6       21         0
                text9                               FDC      FDC       24         0
                text8                                27       27       24         0
                text7                               E91      E91        5         0
                text6                                A4       A4       34         0
                text5                               EB6      EB6        8         0
                text4                                71       71       33         0
                text3                               EDF      EDF       14         0
                text2                               EC8      EC8        B         0
                text1                               EBE      EBE        A         0
                maintext                            192      192       A4         0
                clrtext                             EA8      EA8        6         0

        CLASS   STRCODE        
                stringtext6                        106C     106C       17         0
                stringtext5                        1054     1054       18         0
                stringtext4                        103B     103B       19         0
                stringtext3                        1021     1021       1A         0
                stringtext2                        1000     1000       21         0
                stringtext1                         800      800       2D         0

        CLASS   STRING         

        CLASS   CONST          

        CLASS   ENTRY          

        CLASS   COMMON         
                cstackCOMMON                         70       70        E         1

        CLASS   BANK0          
                cstackBANK0                          20       20       50         1

        CLASS   BANK1          
                cstackBANK1                          A0       A0       4B         1
                bssBANK1                             EB       EB        5         1

        CLASS   BANK2          
                cstackBANK2                         15C      15C        9         1
                bssBANK2                            120      120       3C         1
                nvBANK2                             165      165        6         1

        CLASS   BANK3          
                bssBANK3                            1A0      1A0       20         1

        CLASS   BANK4          

        CLASS   BANK5          

        CLASS   BANK6          

        CLASS   BANK7          

        CLASS   BANK8          

        CLASS   BANK9          

        CLASS   BANK10         

        CLASS   BANK11         

        CLASS   BANK12         

        CLASS   BIGRAM         

        CLASS   RAM            

        CLASS   ABS1           
                abs_s1                               7E       7E        2         1

        CLASS   SFR0           

        CLASS   SFR1           

        CLASS   SFR2           

        CLASS   SFR3           

        CLASS   SFR4           

        CLASS   SFR5           

        CLASS   SFR6           

        CLASS   SFR7           

        CLASS   SFR8           

        CLASS   SFR9           

        CLASS   SFR10          

        CLASS   SFR11          

        CLASS   SFR12          

        CLASS   SFR13          

        CLASS   SFR14          

        CLASS   SFR15          

        CLASS   SFR16          

        CLASS   SFR17          

        CLASS   SFR18          

        CLASS   SFR19          

        CLASS   SFR20          

        CLASS   SFR21          

        CLASS   SFR22          

        CLASS   SFR23          

        CLASS   SFR24          

        CLASS   SFR25          

        CLASS   SFR26          

        CLASS   SFR27          

        CLASS   SFR28          

        CLASS   SFR29          

        CLASS   SFR30          

        CLASS   SFR31          

        CLASS   SFR32          

        CLASS   SFR33          

        CLASS   SFR34          

        CLASS   SFR35          

        CLASS   SFR36          

        CLASS   SFR37          

        CLASS   SFR38          

        CLASS   SFR39          

        CLASS   SFR40          

        CLASS   SFR41          

        CLASS   SFR42          

        CLASS   SFR43          

        CLASS   SFR44          

        CLASS   SFR45          

        CLASS   SFR46          

        CLASS   SFR47          

        CLASS   SFR48          

        CLASS   SFR49          

        CLASS   SFR50          

        CLASS   SFR51          

        CLASS   SFR52          

        CLASS   SFR53          

        CLASS   SFR54          

        CLASS   SFR55          

        CLASS   SFR56          

        CLASS   SFR57          

        CLASS   SFR58          

        CLASS   SFR59          

        CLASS   SFR60          

        CLASS   SFR61          

        CLASS   SFR62          

        CLASS   SFR63          

        CLASS   CONFIG         
                config                             8007     8007        5         0

        CLASS   IDLOC          

        CLASS   BANK63         

        CLASS   BANK62         

        CLASS   BANK61         

        CLASS   BANK60         

        CLASS   BANK59         

        CLASS   BANK58         

        CLASS   BANK57         

        CLASS   BANK56         

        CLASS   BANK55         

        CLASS   BANK54         

        CLASS   BANK53         

        CLASS   BANK52         

        CLASS   BANK51         

        CLASS   BANK50         

        CLASS   BANK49         

        CLASS   BANK48         

        CLASS   BANK47         

        CLASS   BANK46         

        CLASS   BANK45         

        CLASS   BANK44         

        CLASS   BANK43         

        CLASS   BANK42         

        CLASS   BANK41         

        CLASS   BANK40         

        CLASS   BANK39         

        CLASS   BANK38         

        CLASS   BANK37         

        CLASS   BANK36         

        CLASS   BANK35         

        CLASS   BANK34         

        CLASS   BANK33         

        CLASS   BANK32         

        CLASS   BANK31         

        CLASS   BANK30         

        CLASS   BANK29         

        CLASS   BANK28         

        CLASS   BANK27         

        CLASS   BANK26         

        CLASS   BANK25         

        CLASS   BANK24         

        CLASS   BANK23         

        CLASS   BANK22         

        CLASS   BANK21         

        CLASS   BANK20         

        CLASS   BANK19         

        CLASS   BANK18         

        CLASS   BANK17         

        CLASS   BANK16         

        CLASS   BANK15         

        CLASS   BANK14         

        CLASS   BANK13         

        CLASS   EEDATA         



SEGMENTS        Name                           Load    Length   Top    Selector   Space  Class     Delta

                reset_vec                      000000  000004  000004         0       0  CODE        2
                text10                         000006  000021  000027         C       0  CODE        2
                cstackBANK0                    000020  000050  000070        20       1  BANK0       1
                text8                          000027  000024  00004B        4E       0  CODE        2
                cstackCOMMON                   000070  00000E  00007E        70       1  COMMON      1
                text23                         00004B  000026  000071        96       0  CODE        2
                cstackBANK1                    0000A0  000050  0000F0        A0       1  BANK1       1
                text4                          000071  000033  0000A4        E2       0  CODE        2
                bssBANK2                       000120  00004B  00016B       120       1  BANK2       1
                text6                          0000A4  000034  0000D8       148       0  CODE        2
                bssBANK3                       0001A0  000020  0001C0       1A0       1  BANK3       1
                text24                         0000D8  000035  00010D       1B0       0  CODE        2
                text13                         00010D  000035  000142       21A       0  CODE        2
                text21                         000142  000050  000192       284       0  CODE        2
                maintext                       000192  0000A4  000236       324       0  CODE        2
                text27                         000236  0000DC  000312       46C       0  CODE        2
                text28                         000312  0000F3  000405       624       0  CODE        2
                text14                         000405  000136  00053B       80A       0  CODE        2
                text20                         00053B  000153  00068E       A76       0  CODE        2
                text15                         00068E  00015A  0007E8       D1C       0  CODE        2
                cinit                          0007E8  000018  000800       FD0       0  CODE        2
                stringtext1                    000800  00002D  00082D      1000       0  STRCODE     2
                text7                          000E91  000005  000E96      1D22       0  CODE        2
                text33                         000E96  000006  000E9C      1D2C       0  CODE        2
                text32                         000E9C  000006  000EA2      1D38       0  CODE        2
                text31                         000EA2  000006  000EA8      1D44       0  CODE        2
                clrtext                        000EA8  000006  000EAE      1D50       0  CODE        2
                text29                         000EAE  000008  000EB6      1D5C       0  CODE        2
                text5                          000EB6  000008  000EBE      1D6C       0  CODE        2
                text1                          000EBE  00000A  000EC8      1D7C       0  CODE        2
                text2                          000EC8  00000B  000ED3      1D90       0  CODE        2
                text25                         000ED3  00000C  000EDF      1DA6       0  CODE        2
                text3                          000EDF  000014  000EF3      1DBE       0  CODE        2
                text12                         000EF3  000016  000F09      1DE6       0  CODE        2
                text26                         000F09  000017  000F20      1E12       0  CODE        2
                text18                         000F20  000017  000F37      1E40       0  CODE        2
                text17                         000F37  000017  000F4E      1E6E       0  CODE        2
                text11                         000F4E  000017  000F65      1E9C       0  CODE        2
                text22                         000F65  000018  000F7D      1ECA       0  CODE        2
                text19                         000F7D  00001D  000F9A      1EFA       0  CODE        2
                text30                         000F9A  000021  000FBB      1F34       0  CODE        2
                text16                         000FBB  000021  000FDC      1F76       0  CODE        2
                text9                          000FDC  000024  001000      1FB8       0  CODE        2
                stringtext2                    001000  000083  001083      2000       0  STRCODE     2
                config                         008007  000005  00800C     1000E       0  CONFIG      2


UNUSED ADDRESS RANGES

        Name                Unused          Largest block    Delta
        BANK10           00520-0056F              50           1
        BANK11           005A0-005EF              50           1
        BANK12           00620-0064F              30           1
        BANK2            0016B-0016F               5           1
        BANK3            001C0-001EF              30           1
        BANK4            00220-0026F              50           1
        BANK5            002A0-002EF              50           1
        BANK6            00320-0036F              50           1
        BANK7            003A0-003EF              50           1
        BANK8            00420-0046F              50           1
        BANK9            004A0-004EF              50           1
        BIGRAM           02000-023EF             3F0           1
        CODE             00004-00005               2           2
                         0082D-00E90             664
                         01083-01FFF             77D
        CONST            00004-00005               2           2
                         0082D-00E90             100
                         01083-01FFF             100
        ENTRY            00004-00005               2           2
                         0082D-00E90             100
                         01083-01FFF             100
        IDLOC            08000-08003               4           2
        RAM              0016B-0016F               5           1
                         001C0-001EF              30
                         00220-0026F              50
                         002A0-002EF              50
                         00320-0036F              50
                         003A0-003EF              50
                         00420-0046F              50
                         004A0-004EF              50
                         00520-0056F              50
                         005A0-005EF              50
                         00620-0064F              30
        SFR0             00000-0001F              20           1
        SFR1             00080-0009F              20           1
        SFR10            00500-0051F              20           1
        SFR11            00580-0059F              20           1
        SFR12            00600-0061F              20           1
        SFR13            00680-006EF              70           1
        SFR14            00700-0076F              70           1
        SFR15            00780-007EF              70           1
        SFR16            00800-0086F              70           1
        SFR17            00880-008EF              70           1
        SFR18            00900-0096F              70           1
        SFR19            00980-009EF              70           1
        SFR2             00100-0011F              20           1
        SFR20            00A00-00A6F              70           1
        SFR21            00A80-00AEF              70           1
        SFR22            00B00-00B6F              70           1
        SFR23            00B80-00BEF              70           1
        SFR24            00C00-00C6F              70           1
        SFR25            00C80-00CEF              70           1
        SFR26            00D00-00D6F              70           1
        SFR27            00D80-00DEF              70           1
        SFR28            00E00-00E6F              70           1
        SFR29            00E80-00EEF              70           1
        SFR3             00180-0019F              20           1
        SFR30            00F00-00F6F              70           1
        SFR31            00F80-00FEF              70           1
        SFR32            01000-0106F              70           1
        SFR33            01080-010EF              70           1
        SFR34            01100-0116F              70           1
        SFR35            01180-011EF              70           1
        SFR36            01200-0126F              70           1
        SFR37            01280-012EF              70           1
        SFR38            01300-0136F              70           1
        SFR39            01380-013EF              70           1
        SFR4             00200-0021F              20           1
        SFR40            01400-0146F              70           1
        SFR41            01480-014EF              70           1
        SFR42            01500-0156F              70           1
        SFR43            01580-015EF              70           1
        SFR44            01600-0166F              70           1
        SFR45            01680-016EF              70           1
        SFR46            01700-0176F              70           1
        SFR47            01780-017EF              70           1
        SFR48            01800-0186F              70           1
        SFR49            01880-018EF              70           1
        SFR5             00280-0029F              20           1
        SFR50            01900-0196F              70           1
        SFR51            01980-019EF              70           1
        SFR52            01A00-01A6F              70           1
        SFR53            01A80-01AEF              70           1
        SFR54            01B00-01B6F              70           1
        SFR55            01B80-01BEF              70           1
        SFR56            01C00-01C6F              70           1
        SFR57            01C80-01CEF              70           1
        SFR58            01D00-01D6F              70           1
        SFR59            01D80-01DEF              70           1
        SFR6             00300-0031F              20           1
        SFR60            01E00-01E6F              70           1
        SFR61            01E80-01EEF              70           1
        SFR62            01F00-01F6F              70           1
        SFR63            01F80-01FEF              70           1
        SFR7             00380-0039F              20           1
        SFR8             00400-0041F              20           1
        SFR9             00480-0049F              20           1
        STACK            02110-023EF             2E0           1
        STRCODE          00004-00005               2           2
                         0082D-00E90             664
                         01083-01FFF             F7D
        STRING           00004-00005               2           2
                         0082D-00E90             100
                         01083-01FFF             100

                                  Symbol Table

?___aodiv                                         cstackBANK0  00020
?___aomod                                         cstackBANK0  00020
?_abs                                             cstackCOMMON 00073
?_dtoa                                            cstackBANK0  00030
?_fgetc                                           cstackCOMMON 00072
?_getch                                           cstackCOMMON 00070
?_getchar                                         cstackCOMMON 0007A
?_isalpha                                         cstackCOMMON 00070
?_islower                                         cstackCOMMON 00070
?_isupper                                         cstackCOMMON 00070
?_pad                                             cstackBANK0  00024
?_printf                                          cstackBANK1  000A3
?_strlen                                          cstackCOMMON 00070
?_toupper                                         cstackCOMMON 00076
?_vfpfcnvrt                                       cstackBANK0  00052
?_vfprintf                                        cstackBANK0  0006B
?_xtoa                                            cstackBANK0  0002C
EUSART1_SetErrorHandler@interruptHandler          cstackCOMMON 00070
EUSART1_SetFramingErrorHandler@interruptHandler   cstackCOMMON 00070
EUSART1_SetOverrunErrorHandler@interruptHandler   cstackCOMMON 00070
EUSART1_Write@txData                              cstackCOMMON 00070
_ANSELA                                           (abs)        01F38
_ANSELC                                           (abs)        01F4E
_BAUD1CON                                         (abs)        0011F
_EUSART1_DefaultErrorHandler                      (abs)        00000
_EUSART1_DefaultFramingErrorHandler               (abs)        00000
_EUSART1_DefaultOverrunErrorHandler               (abs)        00000
_EUSART1_ErrorHandler                             nvBANK2      00165
_EUSART1_FramingErrorHandler                      nvBANK2      00169
_EUSART1_Initialize                               text30       00F9A
_EUSART1_OverrunErrorHandler                      nvBANK2      00167
_EUSART1_SetErrorHandler                          text33       00E96
_EUSART1_SetFramingErrorHandler                   text32       00E9C
_EUSART1_SetOverrunErrorHandler                   text31       00EA2
_EUSART1_Write                                    text29       00EAE
_LATA                                             (abs)        00018
_LATC                                             (abs)        0001A
_ODCONA                                           (abs)        01F3A
_ODCONC                                           (abs)        01F50
_OSCCON1                                          (abs)        0088D
_OSCCON3                                          (abs)        0088F
_OSCEN                                            (abs)        00891
_OSCFRQ                                           (abs)        00893
_OSCSTAT                                          (abs)        00890
_OSCTUNE                                          (abs)        00892
_PIR3bits                                         (abs)        0070F
_PMD0                                             (abs)        00796
_PMD1                                             (abs)        00797
_PMD2                                             (abs)        00798
_PMD3                                             (abs)        00799
_PMD4                                             (abs)        0079A
_PMD5                                             (abs)        0079B
_RC0PPS                                           (abs)        01F20
_RC1REG                                           (abs)        00119
_RC1STA                                           (abs)        0011D
_RC1STAbits                                       (abs)        0011D
_RC2PPS                                           (abs)        01F22
_RC4PPS                                           (abs)        01F24
_RCSTAbits                                        (abs)        0011D
_SLRCONA                                          (abs)        01F3B
_SLRCONC                                          (abs)        01F51
_SP1BRGH                                          (abs)        0011C
_SP1BRGL                                          (abs)        0011B
_SSP1ADD                                          (abs)        0018D
_SSP1BUF                                          (abs)        0018C
_SSP1CLKPPS                                       (abs)        01EC5
_SSP1CON1                                         (abs)        00190
_SSP1CON1bits                                     (abs)        00190
_SSP1DATPPS                                       (abs)        01EC6
_SSP1STAT                                         (abs)        0018F
_SSP1STATbits                                     (abs)        0018F
_TRISA                                            (abs)        00012
_TRISC                                            (abs)        00014
_TX1REG                                           (abs)        0011A
_TX1STA                                           (abs)        0011E
_TX1STAbits                                       (abs)        0011E
_TXREG                                            (abs)        0011A
_TXSTA                                            (abs)        0011E
_WPUA                                             (abs)        01F39
_WPUC                                             (abs)        01F4F
__CFG_BBEN$OFF                                    (abs)        00000
__CFG_BBSIZE$BB512                                (abs)        00000
__CFG_BOREN$ON                                    (abs)        00000
__CFG_BORV$LO                                     (abs)        00000
__CFG_CLKOUTEN$OFF                                (abs)        00000
__CFG_CP$OFF                                      (abs)        00000
__CFG_CSWEN$ON                                    (abs)        00000
__CFG_FCMEN$ON                                    (abs)        00000
__CFG_FEXTOSC$OFF                                 (abs)        00000
__CFG_LPBOREN$OFF                                 (abs)        00000
__CFG_LVP$ON                                      (abs)        00000
__CFG_MCLRE$ON                                    (abs)        00000
__CFG_PPS1WAY$ON                                  (abs)        00000
__CFG_PWRTE$OFF                                   (abs)        00000
__CFG_RSTOSC$HFINT1                               (abs)        00000
__CFG_SAFEN$OFF                                   (abs)        00000
__CFG_STVREN$ON                                   (abs)        00000
__CFG_WDTCCS$SC                                   (abs)        00000
__CFG_WDTCPS$WDTCPS_31                            (abs)        00000
__CFG_WDTCWS$WDTCWS_7                             (abs)        00000
__CFG_WDTE$OFF                                    (abs)        00000
__CFG_WRTAPP$OFF                                  (abs)        00000
__CFG_WRTB$OFF                                    (abs)        00000
__CFG_WRTC$OFF                                    (abs)        00000
__CFG_WRTSAF$OFF                                  (abs)        00000
__CFG_ZCD$OFF                                     (abs)        00000
__Habs1                                           abs1         00000
__Hbank0                                          bank0        00000
__Hbank1                                          bank1        00000
__Hbank10                                         bank10       00000
__Hbank11                                         bank11       00000
__Hbank12                                         bank12       00000
__Hbank13                                         bank13       00000
__Hbank14                                         bank14       00000
__Hbank15                                         bank15       00000
__Hbank16                                         bank16       00000
__Hbank17                                         bank17       00000
__Hbank18                                         bank18       00000
__Hbank19                                         bank19       00000
__Hbank2                                          bank2        00000
__Hbank20                                         bank20       00000
__Hbank21                                         bank21       00000
__Hbank22                                         bank22       00000
__Hbank23                                         bank23       00000
__Hbank24                                         bank24       00000
__Hbank25                                         bank25       00000
__Hbank26                                         bank26       00000
__Hbank27                                         bank27       00000
__Hbank28                                         bank28       00000
__Hbank29                                         bank29       00000
__Hbank3                                          bank3        00000
__Hbank30                                         bank30       00000
__Hbank31                                         bank31       00000
__Hbank32                                         bank32       00000
__Hbank33                                         bank33       00000
__Hbank34                                         bank34       00000
__Hbank35                                         bank35       00000
__Hbank36                                         bank36       00000
__Hbank37                                         bank37       00000
__Hbank38                                         bank38       00000
__Hbank39                                         bank39       00000
__Hbank4                                          bank4        00000
__Hbank40                                         bank40       00000
__Hbank41                                         bank41       00000
__Hbank42                                         bank42       00000
__Hbank43                                         bank43       00000
__Hbank44                                         bank44       00000
__Hbank45                                         bank45       00000
__Hbank46                                         bank46       00000
__Hbank47                                         bank47       00000
__Hbank48                                         bank48       00000
__Hbank49                                         bank49       00000
__Hbank5                                          bank5        00000
__Hbank50                                         bank50       00000
__Hbank51                                         bank51       00000
__Hbank52                                         bank52       00000
__Hbank53                                         bank53       00000
__Hbank54                                         bank54       00000
__Hbank55                                         bank55       00000
__Hbank56                                         bank56       00000
__Hbank57                                         bank57       00000
__Hbank58                                         bank58       00000
__Hbank59                                         bank59       00000
__Hbank6                                          bank6        00000
__Hbank60                                         bank60       00000
__Hbank61                                         bank61       00000
__Hbank62                                         bank62       00000
__Hbank63                                         bank63       00000
__Hbank7                                          bank7        00000
__Hbank8                                          bank8        00000
__Hbank9                                          bank9        00000
__Hbigram                                         bigram       00000
__HbssBANK1                                       bssBANK1     00000
__HbssBANK2                                       bssBANK2     00000
__HbssBANK3                                       bssBANK3     00000
__Hcinit                                          cinit        00800
__Hclrtext                                        clrtext      00000
__Hcode                                           code         00000
__Hcommon                                         common       00000
__Hconfig                                         config       0800C
__HcstackBANK0                                    cstackBANK0  00000
__HcstackBANK1                                    cstackBANK1  00000
__HcstackBANK2                                    cstackBANK2  00000
__HcstackCOMMON                                   cstackCOMMON 00000
__Heeprom_data                                    eeprom_data  00000
__Hend_init                                       end_init     00004
__Hfunctab                                        functab      00000
__Hidloc                                          idloc        00000
__Hinit                                           init         00002
__Hintentry                                       intentry     00002
__Hmaintext                                       maintext     00000
__HnvBANK2                                        nvBANK2      00000
__Hpowerup                                        powerup      00000
__Hram                                            ram          00000
__Hreset_vec                                      reset_vec    00002
__Hsfr0                                           sfr0         00000
__Hsfr1                                           sfr1         00000
__Hsfr10                                          sfr10        00000
__Hsfr11                                          sfr11        00000
__Hsfr12                                          sfr12        00000
__Hsfr13                                          sfr13        00000
__Hsfr14                                          sfr14        00000
__Hsfr15                                          sfr15        00000
__Hsfr16                                          sfr16        00000
__Hsfr17                                          sfr17        00000
__Hsfr18                                          sfr18        00000
__Hsfr19                                          sfr19        00000
__Hsfr2                                           sfr2         00000
__Hsfr20                                          sfr20        00000
__Hsfr21                                          sfr21        00000
__Hsfr22                                          sfr22        00000
__Hsfr23                                          sfr23        00000
__Hsfr24                                          sfr24        00000
__Hsfr25                                          sfr25        00000
__Hsfr26                                          sfr26        00000
__Hsfr27                                          sfr27        00000
__Hsfr28                                          sfr28        00000
__Hsfr29                                          sfr29        00000
__Hsfr3                                           sfr3         00000
__Hsfr30                                          sfr30        00000
__Hsfr31                                          sfr31        00000
__Hsfr32                                          sfr32        00000
__Hsfr33                                          sfr33        00000
__Hsfr34                                          sfr34        00000
__Hsfr35                                          sfr35        00000
__Hsfr36                                          sfr36        00000
__Hsfr37                                          sfr37        00000
__Hsfr38                                          sfr38        00000
__Hsfr39                                          sfr39        00000
__Hsfr4                                           sfr4         00000
__Hsfr40                                          sfr40        00000
__Hsfr41                                          sfr41        00000
__Hsfr42                                          sfr42        00000
__Hsfr43                                          sfr43        00000
__Hsfr44                                          sfr44        00000
__Hsfr45                                          sfr45        00000
__Hsfr46                                          sfr46        00000
__Hsfr47                                          sfr47        00000
__Hsfr48                                          sfr48        00000
__Hsfr49                                          sfr49        00000
__Hsfr5                                           sfr5         00000
__Hsfr50                                          sfr50        00000
__Hsfr51                                          sfr51        00000
__Hsfr52                                          sfr52        00000
__Hsfr53                                          sfr53        00000
__Hsfr54                                          sfr54        00000
__Hsfr55                                          sfr55        00000
__Hsfr56                                          sfr56        00000
__Hsfr57                                          sfr57        00000
__Hsfr58                                          sfr58        00000
__Hsfr59                                          sfr59        00000
__Hsfr6                                           sfr6         00000
__Hsfr60                                          sfr60        00000
__Hsfr61                                          sfr61        00000
__Hsfr62                                          sfr62        00000
__Hsfr63                                          sfr63        00000
__Hsfr7                                           sfr7         00000
__Hsfr8                                           sfr8         00000
__Hsfr9                                           sfr9         00000
__Hspace_0                                        (abs)        0800C
__Hspace_1                                        (abs)        001C0
__Hspace_2                                        (abs)        00000
__Hspace_3                                        (abs)        00000
__Hstack                                          stack        00000
__Hstrings                                        strings      00000
__Hstringtext1                                    stringtext1  00000
__Hstringtext2                                    stringtext2  00000
__Hstringtext3                                    stringtext3  00000
__Hstringtext4                                    stringtext4  00000
__Hstringtext5                                    stringtext5  00000
__Hstringtext6                                    stringtext6  00000
__Hstringtext7                                    stringtext7  00000
__Htext                                           text         00000
__Labs1                                           abs1         00000
__Lbank0                                          bank0        00000
__Lbank1                                          bank1        00000
__Lbank10                                         bank10       00000
__Lbank11                                         bank11       00000
__Lbank12                                         bank12       00000
__Lbank13                                         bank13       00000
__Lbank14                                         bank14       00000
__Lbank15                                         bank15       00000
__Lbank16                                         bank16       00000
__Lbank17                                         bank17       00000
__Lbank18                                         bank18       00000
__Lbank19                                         bank19       00000
__Lbank2                                          bank2        00000
__Lbank20                                         bank20       00000
__Lbank21                                         bank21       00000
__Lbank22                                         bank22       00000
__Lbank23                                         bank23       00000
__Lbank24                                         bank24       00000
__Lbank25                                         bank25       00000
__Lbank26                                         bank26       00000
__Lbank27                                         bank27       00000
__Lbank28                                         bank28       00000
__Lbank29                                         bank29       00000
__Lbank3                                          bank3        00000
__Lbank30                                         bank30       00000
__Lbank31                                         bank31       00000
__Lbank32                                         bank32       00000
__Lbank33                                         bank33       00000
__Lbank34                                         bank34       00000
__Lbank35                                         bank35       00000
__Lbank36                                         bank36       00000
__Lbank37                                         bank37       00000
__Lbank38                                         bank38       00000
__Lbank39                                         bank39       00000
__Lbank4                                          bank4        00000
__Lbank40                                         bank40       00000
__Lbank41                                         bank41       00000
__Lbank42                                         bank42       00000
__Lbank43                                         bank43       00000
__Lbank44                                         bank44       00000
__Lbank45                                         bank45       00000
__Lbank46                                         bank46       00000
__Lbank47                                         bank47       00000
__Lbank48                                         bank48       00000
__Lbank49                                         bank49       00000
__Lbank5                                          bank5        00000
__Lbank50                                         bank50       00000
__Lbank51                                         bank51       00000
__Lbank52                                         bank52       00000
__Lbank53                                         bank53       00000
__Lbank54                                         bank54       00000
__Lbank55                                         bank55       00000
__Lbank56                                         bank56       00000
__Lbank57                                         bank57       00000
__Lbank58                                         bank58       00000
__Lbank59                                         bank59       00000
__Lbank6                                          bank6        00000
__Lbank60                                         bank60       00000
__Lbank61                                         bank61       00000
__Lbank62                                         bank62       00000
__Lbank63                                         bank63       00000
__Lbank7                                          bank7        00000
__Lbank8                                          bank8        00000
__Lbank9                                          bank9        00000
__Lbigram                                         bigram       00000
__LbssBANK1                                       bssBANK1     00000
__LbssBANK2                                       bssBANK2     00000
__LbssBANK3                                       bssBANK3     00000
__Lcinit                                          cinit        007E8
__Lclrtext                                        clrtext      00000
__Lcode                                           code         00000
__Lcommon                                         common       00000
__Lconfig                                         config       08007
__LcstackBANK0                                    cstackBANK0  00000
__LcstackBANK1                                    cstackBANK1  00000
__LcstackBANK2                                    cstackBANK2  00000
__LcstackCOMMON                                   cstackCOMMON 00000
__Leeprom_data                                    eeprom_data  00000
__Lend_init                                       end_init     00002
__Lfunctab                                        functab      00000
__Lidloc                                          idloc        00000
__Linit                                           init         00002
__Lintentry                                       intentry     00002
__Lmaintext                                       maintext     00000
__LnvBANK2                                        nvBANK2      00000
__Lpowerup                                        powerup      00000
__Lram                                            ram          00000
__Lreset_vec                                      reset_vec    00000
__Lsfr0                                           sfr0         00000
__Lsfr1                                           sfr1         00000
__Lsfr10                                          sfr10        00000
__Lsfr11                                          sfr11        00000
__Lsfr12                                          sfr12        00000
__Lsfr13                                          sfr13        00000
__Lsfr14                                          sfr14        00000
__Lsfr15                                          sfr15        00000
__Lsfr16                                          sfr16        00000
__Lsfr17                                          sfr17        00000
__Lsfr18                                          sfr18        00000
__Lsfr19                                          sfr19        00000
__Lsfr2                                           sfr2         00000
__Lsfr20                                          sfr20        00000
__Lsfr21                                          sfr21        00000
__Lsfr22                                          sfr22        00000
__Lsfr23                                          sfr23        00000
__Lsfr24                                          sfr24        00000
__Lsfr25                                          sfr25        00000
__Lsfr26                                          sfr26        00000
__Lsfr27                                          sfr27        00000
__Lsfr28                                          sfr28        00000
__Lsfr29                                          sfr29        00000
__Lsfr3                                           sfr3         00000
__Lsfr30                                          sfr30        00000
__Lsfr31                                          sfr31        00000
__Lsfr32                                          sfr32        00000
__Lsfr33                                          sfr33        00000
__Lsfr34                                          sfr34        00000
__Lsfr35                                          sfr35        00000
__Lsfr36                                          sfr36        00000
__Lsfr37                                          sfr37        00000
__Lsfr38                                          sfr38        00000
__Lsfr39                                          sfr39        00000
__Lsfr4                                           sfr4         00000
__Lsfr40                                          sfr40        00000
__Lsfr41                                          sfr41        00000
__Lsfr42                                          sfr42        00000
__Lsfr43                                          sfr43        00000
__Lsfr44                                          sfr44        00000
__Lsfr45                                          sfr45        00000
__Lsfr46                                          sfr46        00000
__Lsfr47                                          sfr47        00000
__Lsfr48                                          sfr48        00000
__Lsfr49                                          sfr49        00000
__Lsfr5                                           sfr5         00000
__Lsfr50                                          sfr50        00000
__Lsfr51                                          sfr51        00000
__Lsfr52                                          sfr52        00000
__Lsfr53                                          sfr53        00000
__Lsfr54                                          sfr54        00000
__Lsfr55                                          sfr55        00000
__Lsfr56                                          sfr56        00000
__Lsfr57                                          sfr57        00000
__Lsfr58                                          sfr58        00000
__Lsfr59                                          sfr59        00000
__Lsfr6                                           sfr6         00000
__Lsfr60                                          sfr60        00000
__Lsfr61                                          sfr61        00000
__Lsfr62                                          sfr62        00000
__Lsfr63                                          sfr63        00000
__Lsfr7                                           sfr7         00000
__Lsfr8                                           sfr8         00000
__Lsfr9                                           sfr9         00000
__Lspace_0                                        (abs)        00000
__Lspace_1                                        (abs)        00000
__Lspace_2                                        (abs)        00000
__Lspace_3                                        (abs)        00000
__Lstack                                          stack        00000
__Lstrings                                        strings      00000
__Lstringtext1                                    stringtext1  00000
__Lstringtext2                                    stringtext2  00000
__Lstringtext3                                    stringtext3  00000
__Lstringtext4                                    stringtext4  00000
__Lstringtext5                                    stringtext5  00000
__Lstringtext6                                    stringtext6  00000
__Lstringtext7                                    stringtext7  00000
__Ltext                                           text         00000
__S0                                              (abs)        0800C
__S1                                              (abs)        001C0
__S2                                              (abs)        00000
___aodiv                                          text28       00312
___aodiv@counter                                  cstackCOMMON 00071
___aodiv@dividend                                 cstackBANK0  00028
___aodiv@divisor                                  cstackBANK0  00020
___aodiv@quotient                                 cstackCOMMON 00073
___aodiv@sign                                     cstackCOMMON 00072
___aomod                                          text27       00236
___aomod@counter                                  cstackCOMMON 00071
___aomod@dividend                                 cstackBANK0  00028
___aomod@divisor                                  cstackBANK0  00020
___aomod@sign                                     cstackCOMMON 00072
___int_sp                                         stack        00000
___latbits                                        (abs)        00002
___sp                                             stack        00000
___stackhi                                        (abs)        023EF
___stacklo                                        (abs)        02110
__end_of_EUSART1_Initialize                       text30       00FBB
__end_of_EUSART1_SetErrorHandler                  text33       00E9C
__end_of_EUSART1_SetFramingErrorHandler           text32       00EA2
__end_of_EUSART1_SetOverrunErrorHandler           text31       00EA8
__end_of_EUSART1_Write                            text29       00EB6
__end_of___aodiv                                  text28       00405
__end_of___aomod                                  text27       00312
__end_of__initialization                          cinit        007FD
__end_of_abs                                      text26       00F20
__end_of_adxl34x_reg_init                         stringtext1  0082D
__end_of_dtoa                                     text20       0068E
__end_of_enterLowPowerMode                        text10       00027
__end_of_exitAutoSleepMode                        text9        01000
__end_of_exitLowPowerMode                         text8        0004B
__end_of_fgetc                                    text6        000D8
__end_of_fputc                                    text24       0010D
__end_of_fputs                                    text23       00071
__end_of_getch                                    text7        00E96
__end_of_getchar                                  text5        00EBE
__end_of_initializeDevice                         text3        00EF3
__end_of_isalpha                                  text19       00F9A
__end_of_islower                                  text17       00F4E
__end_of_isupper                                  text18       00F37
__end_of_main                                     maintext     00236
__end_of_pad                                      text21       00192
__end_of_printf                                   text12       00F09
__end_of_putch                                    text25       00EDF
__end_of_setReadWriteByteInterfaces               text2        00ED3
__end_of_setReadWriteMultipleByteInterfaces       text1        00EC8
__end_of_strlen                                   text22       00F7D
__end_of_toupper                                  text16       00FDC
__end_of_vfpfcnvrt                                text14       0053B
__end_of_vfprintf                                 text13       00142
__end_of_write                                    text11       00F65
__end_of_writeMul                                 text4        000A4
__end_of_xtoa                                     text15       007E8
__initialization                                  cinit        007E8
__pbssBANK1                                       bssBANK1     000EB
__pbssBANK2                                       bssBANK2     00120
__pbssBANK3                                       bssBANK3     001A0
__pcstackBANK0                                    cstackBANK0  00020
__pcstackBANK1                                    cstackBANK1  000A0
__pcstackBANK2                                    cstackBANK2  0015C
__pcstackCOMMON                                   cstackCOMMON 00070
__pmaintext                                       maintext     00192
__pnvBANK2                                        nvBANK2      00165
__pstringtext1                                    stringtext1  00800
__pstringtext2                                    stringtext2  01000
__pstringtext3                                    stringtext3  01021
__pstringtext4                                    stringtext4  0103B
__pstringtext5                                    stringtext5  01054
__pstringtext6                                    stringtext6  0106C
__pstringtext7                                    stringtext7  00000
__ptext1                                          text1        00EBE
__ptext10                                         text10       00006
__ptext11                                         text11       00F4E
__ptext12                                         text12       00EF3
__ptext13                                         text13       0010D
__ptext14                                         text14       00405
__ptext15                                         text15       0068E
__ptext16                                         text16       00FBB
__ptext17                                         text17       00F37
__ptext18                                         text18       00F20
__ptext19                                         text19       00F7D
__ptext2                                          text2        00EC8
__ptext20                                         text20       0053B
__ptext21                                         text21       00142
__ptext22                                         text22       00F65
__ptext23                                         text23       0004B
__ptext24                                         text24       000D8
__ptext25                                         text25       00ED3
__ptext26                                         text26       00F09
__ptext27                                         text27       00236
__ptext28                                         text28       00312
__ptext29                                         text29       00EAE
__ptext3                                          text3        00EDF
__ptext30                                         text30       00F9A
__ptext31                                         text31       00EA2
__ptext32                                         text32       00E9C
__ptext33                                         text33       00E96
__ptext4                                          text4        00071
__ptext5                                          text5        00EB6
__ptext6                                          text6        000A4
__ptext7                                          text7        00E91
__ptext8                                          text8        00027
__ptext9                                          text9        00FDC
__size_of_EUSART1_Initialize                      (abs)        00000
__size_of_EUSART1_SetErrorHandler                 (abs)        00000
__size_of_EUSART1_SetFramingErrorHandler          (abs)        00000
__size_of_EUSART1_SetOverrunErrorHandler          (abs)        00000
__size_of_EUSART1_Write                           (abs)        00000
__size_of___aodiv                                 (abs)        00000
__size_of___aomod                                 (abs)        00000
__size_of_abs                                     (abs)        00000
__size_of_dtoa                                    (abs)        00000
__size_of_enterLowPowerMode                       (abs)        00000
__size_of_exitAutoSleepMode                       (abs)        00000
__size_of_exitLowPowerMode                        (abs)        00000
__size_of_fgetc                                   (abs)        00000
__size_of_fputc                                   (abs)        00000
__size_of_fputs                                   (abs)        00000
__size_of_getch                                   (abs)        00000
__size_of_getchar                                 (abs)        00000
__size_of_initializeDevice                        (abs)        00000
__size_of_isalpha                                 (abs)        00000
__size_of_islower                                 (abs)        00000
__size_of_isupper                                 (abs)        00000
__size_of_main                                    (abs)        00000
__size_of_pad                                     (abs)        00000
__size_of_printf                                  (abs)        00000
__size_of_putch                                   (abs)        00000
__size_of_setReadWriteByteInterfaces              (abs)        00000
__size_of_setReadWriteMultipleByteInterfaces      (abs)        00000
__size_of_strlen                                  (abs)        00000
__size_of_toupper                                 (abs)        00000
__size_of_vfpfcnvrt                               (abs)        00000
__size_of_vfprintf                                (abs)        00000
__size_of_write                                   (abs)        00000
__size_of_writeMul                                (abs)        00000
__size_of_xtoa                                    (abs)        00000
_abs                                              text26       00F09
_adxl34x_reg                                      bssBANK2     00120
_adxl34x_reg_init                                 stringtext1  00800
_commReadByte                                     bssBANK2     00157
_commReadMultipleBytes                            bssBANK2     00153
_commWriteByte                                    bssBANK1     000ED
_commWriteMultipleBytes                           bssBANK2     00155
_dbuf                                             bssBANK3     001A0
_dtoa                                             text20       0053B
_dtoa$1229                                        cstackBANK0  0003B
_enterLowPowerMode                                text10       00006
_eusart1RxLastError                               bssBANK2     0015A
_exitAutoSleepMode                                text9        00FDC
_exitLowPowerMode                                 text8        00027
_fgetc                                            text6        000A4
_flags                                            bssBANK1     000EB
_fputc                                            text24       000D8
_fputs                                            text23       0004B
_getch                                            text7        00E91
_getchar                                          text5        00EB6
_initializeDevice                                 text3        00EDF
_isalpha                                          text19       00F7D
_islower                                          text17       00F37
_isupper                                          text18       00F20
_main                                             maintext     00192
_main$1909                                        cstackBANK2  0015D
_main$1910                                        cstackBANK2  0015F
_main$1911                                        cstackBANK2  00161
_main$1912                                        cstackBANK2  00163
_nout                                             bssBANK2     0014D
_pad                                              text21       00142
_prec                                             bssBANK2     00151
_printf                                           text12       00EF3
_putch                                            text25       00ED3
_read                                             (abs)        00000
_readMul                                          (abs)        00000
_setReadWriteByteInterfaces                       text2        00EC8
_setReadWriteMultipleByteInterfaces               text1        00EBE
_strlen                                           text22       00F65
_toupper                                          text16       00FBB
_toupper$1641                                     cstackCOMMON 0007C
_ungetcnt                                         bssBANK1     000EF
_vfpfcnvrt                                        text14       00405
_vfprintf                                         text13       0010D
_width                                            bssBANK2     0014F
_write                                            text11       00F4E
_writeMul                                         text4        00071
_xtoa                                             text15       0068E
_xtoa$1240                                        cstackBANK0  0003D
_xtoa$1241                                        cstackBANK0  0003F
abs@a                                             cstackCOMMON 00073
btemp                                             (abs)        0007E
clear_ram0                                        clrtext      00EA8
dtoa@d                                            cstackBANK0  00030
dtoa@fp                                           cstackBANK0  0003F
dtoa@i                                            cstackBANK0  0004C
dtoa@n                                            cstackBANK0  00044
dtoa@p                                            cstackBANK0  0003D
dtoa@s                                            cstackBANK0  00042
dtoa@w                                            cstackBANK0  00040
end_of_initialization                             cinit        007FD
enterLowPowerMode@bw_rate_save                    cstackBANK1  000B5
exitAutoSleepMode@power_ctl_save                  cstackBANK1  000B5
exitLowPowerMode@bw_rate_save                     cstackBANK1  000B5
fgetc@c                                           cstackCOMMON 00077
fgetc@fp                                          cstackCOMMON 00079
fputc@c                                           cstackCOMMON 00071
fputc@fp                                          cstackCOMMON 00073
fputs@c                                           cstackBANK0  00020
fputs@fp                                          cstackCOMMON 00079
fputs@i                                           cstackBANK0  00021
fputs@s                                           cstackBANK0  00023
initializeDevice@init_values                      cstackBANK1  000B4
intlevel0                                         functab      00000
intlevel1                                         functab      00000
intlevel2                                         functab      00000
intlevel3                                         functab      00000
intlevel4                                         functab      00000
intlevel5                                         functab      00000
isalpha@c                                         cstackCOMMON 00070
islower@c                                         cstackCOMMON 00070
isupper@c                                         cstackCOMMON 00070
pad@buf                                           cstackBANK0  00024
pad@fp                                            cstackBANK0  0002B
pad@i                                             cstackBANK0  00027
pad@p                                             cstackBANK0  00025
pad@w                                             cstackBANK0  00029
printf@ap                                         cstackBANK1  000AC
printf@fmt                                        cstackBANK1  000A3
putch@byte                                        cstackCOMMON 00070
reset_vec                                         reset_vec    00000
setReadWriteByteInterfaces@read_Interface         cstackCOMMON 00072
setReadWriteByteInterfaces@write_Interface        cstackCOMMON 00070
setReadWriteMultipleByteInterfaces@readInterface  cstackCOMMON 00072
setReadWriteMultipleByteInterfaces@writeInterface cstackCOMMON 00070
start                                             init         00002
start_initialization                              cinit        007E8
strlen@a                                          cstackCOMMON 00073
strlen@s                                          cstackCOMMON 00074
toupper@c                                         cstackCOMMON 00076
vfpfcnvrt@ap                                      cstackBANK0  00053
vfpfcnvrt@c                                       cstackBANK0  00069
vfpfcnvrt@fmt                                     cstackBANK0  00052
vfpfcnvrt@fp                                      cstackBANK0  0006A
vfpfcnvrt@ll                                      cstackBANK0  00059
vfpfcnvrt@llu                                     cstackBANK0  00061
vfprintf@ap                                       cstackBANK0  0006D
vfprintf@cfmt                                     cstackBANK1  000A1
vfprintf@fmt                                      cstackBANK0  0006B
vfprintf@fp                                       cstackBANK1  000A0
write@address                                     cstackBANK1  000AD
write@value                                       cstackBANK1  000AE
writeMul@address                                  cstackBANK1  000AE
writeMul@i                                        cstackBANK1  000B2
writeMul@n                                        cstackBANK1  000AD
writeMul@value                                    cstackBANK1  000AF
wtemp0                                            (abs)        0007E
xtoa@c                                            cstackBANK0  00050
xtoa@d                                            cstackBANK0  0002C
xtoa@fp                                           cstackBANK0  00043
xtoa@i                                            cstackBANK0  0004E
xtoa@n                                            cstackBANK0  00046
xtoa@p                                            cstackBANK0  00041
xtoa@w                                            cstackBANK0  00044
xtoa@x                                            cstackBANK0  00034


FUNCTION INFORMATION:

 *************** function _main *****************
 Defined at:
		line 68 in file "main.c"
 Parameters:    Size  Location     Type
  argc            2   68[BANK1 ] int 
  argv            2   70[BANK1 ] PTR PTR unsigned char 
 Auto vars:     Size  Location     Type
  c               1    0        unsigned char 
 Return value:  Size  Location     Type
                  2   68[BANK1 ] int 
 Registers used:
		wreg, fsr0l, fsr0h, fsr1l, fsr1h, status,2, status,0, pclath, cstack
 Tracked objects:
		On entry : 
		On exit  : 
		Unchanged: 
 Data sizes:     COMMON   BANK0   BANK1   BANK2   BANK3   BANK4   BANK5   BANK6   BANK7   BANK8   BANK9  BANK10  BANK11  BANK12
      Params:         0       0       4       0       0       0       0       0       0       0       0       0       0       0
      Locals:         0       0       0       9       0       0       0       0       0       0       0       0       0       0
      Temps:          0       0       3       0       0       0       0       0       0       0       0       0       0       0
      Totals:         0       0       7       9       0       0       0       0       0       0       0       0       0       0
Total ram usage:       16 bytes
 Hardware stack levels required when called:   10
 This function calls:
		_EUSART1_Initialize
		_EUSART1_Write
		_enterLowPowerMode
		_exitAutoSleepMode
[...]
  s               1    3[BANK0 ] PTR const unsigned char 
		 -> dbuf(32), 
  i               2    1[BANK0 ] int 
  c               1    0[BANK0 ] unsigned char 
 Return value:  Size  Location     Type
                  2    9[COMMON] int 
 Registers used:
		wreg, fsr1l, fsr1h, status,2, status,0, pclath, cstack
 Tracked objects:
		On entry : 
		On exit  : 
		Unchanged: 
 Data sizes:     COMMON   BANK0   BANK1   BANK2   BANK3   BANK4   BANK5   BANK6   BANK7   BANK8   BANK9  BANK10  BANK11  BANK12
      Params:         1       0       0       0       0       0       0       0       0       0       0       0       0       0
      Locals:         0       4       0       0       0       0       0       0       0       0       0       0       0       0
      Temps:          3       0       0       0       0       0       0       0       0       0       0       0       0       0
      Totals:         4       4       0       0       0       0       0       0       0       0       0       0       0       0
Total ram usage:        8 bytes
 Hardware stack levels used:    1
 Hardware stack levels required when called:    2
 This function calls:
		_fputc
 This function is called by:
		_pad
 This function uses a non-reentrant model


 *************** function _fputc *****************
 Defined at:
		line 8 in file "C:\Program Files (x86)\Microchip\xc8\v2.05\pic\sources\c99\common\nf_fputc.c"
 Parameters:    Size  Location     Type
  c               2    1[COMMON] int 
  fp              1    3[COMMON] PTR struct _IO_FILE
		 -> NULL(0), 
 Auto vars:     Size  Location     Type
		None
 Return value:  Size  Location     Type
                  2    1[COMMON] int 
 Registers used:
		wreg, fsr1l, fsr1h, status,2, status,0, pclath, cstack
 Tracked objects:
		On entry : 
		On exit  : 
		Unchanged: 
 Data sizes:     COMMON   BANK0   BANK1   BANK2   BANK3   BANK4   BANK5   BANK6   BANK7   BANK8   BANK9  BANK10  BANK11  BANK12
      Params:         3       0       0       0       0       0       0       0       0       0       0       0       0       0
      Locals:         0       0       0       0       0       0       0       0       0       0       0       0       0       0
      Temps:          5       0       0       0       0       0       0       0       0       0       0       0       0       0
      Totals:         8       0       0       0       0       0       0       0       0       0       0       0       0       0
Total ram usage:        8 bytes
 Hardware stack levels used:    1
 Hardware stack levels required when called:    1
 This function calls:
		_putch
 This function is called by:
		_pad
		_vfpfcnvrt
		_fputs
 This function uses a non-reentrant model


 *************** function _putch *****************
 Defined at:
		line 139 in file "mcc_generated_files/eusart1.c"
 Parameters:    Size  Location     Type
  byte            1    wreg     unsigned char 
 Auto vars:     Size  Location     Type
  byte            1    0[COMMON] unsigned char 
 Return value:  Size  Location     Type
                  1    wreg      void 
 Registers used:
		wreg
 Tracked objects:
		On entry : 
		On exit  : 
		Unchanged: 
 Data sizes:     COMMON   BANK0   BANK1   BANK2   BANK3   BANK4   BANK5   BANK6   BANK7   BANK8   BANK9  BANK10  BANK11  BANK12
      Params:         0       0       0       0       0       0       0       0       0       0       0       0       0       0
      Locals:         1       0       0       0       0       0       0       0       0       0       0       0       0       0
      Temps:          0       0       0       0       0       0       0       0       0       0       0       0       0       0
      Totals:         1       0       0       0       0       0       0       0       0       0       0       0       0       0
Total ram usage:        1 bytes
 Hardware stack levels used:    1
 This function calls:
		Nothing
 This function is called by:
		_fputc
 This function uses a non-reentrant model


 *************** function _abs *****************
 Defined at:
		line 1 in file "C:\Program Files (x86)\Microchip\xc8\v2.05\pic\sources\c99\common\abs.c"
 Parameters:    Size  Location     Type
  a               2    3[COMMON] int 
 Auto vars:     Size  Location     Type
		None
 Return value:  Size  Location     Type
                  2    3[COMMON] int 
 Registers used:
		wreg, status,2, status,0
 Tracked objects:
		On entry : 
		On exit  : 
		Unchanged: 
 Data sizes:     COMMON   BANK0   BANK1   BANK2   BANK3   BANK4   BANK5   BANK6   BANK7   BANK8   BANK9  BANK10  BANK11  BANK12
      Params:         2       0       0       0       0       0       0       0       0       0       0       0       0       0
      Locals:         0       0       0       0       0       0       0       0       0       0       0       0       0       0
      Temps:          2       0       0       0       0       0       0       0       0       0       0       0       0       0
      Totals:         4       0       0       0       0       0       0       0       0       0       0       0       0       0
Total ram usage:        4 bytes
 Hardware stack levels used:    1
 This function calls:
		Nothing
 This function is called by:
		_dtoa
 This function uses a non-reentrant model


 *************** function ___aomod *****************
 Defined at:
		line 7 in file "C:\Program Files (x86)\Microchip\xc8\v2.05\pic\sources\c99\common\aomod.c"
 Parameters:    Size  Location     Type
  divisor         8    0[BANK0 ] long long 
  dividend        8    8[BANK0 ] long long 
 Auto vars:     Size  Location     Type
  sign            1    2[COMMON] unsigned char 
  counter         1    1[COMMON] unsigned char 
 Return value:  Size  Location     Type
                  8    0[BANK0 ] long long 
 Registers used:
		wreg, fsr1l, fsr1h, status,2, status,0
 Tracked objects:
		On entry : 
		On exit  : 
		Unchanged: 
 Data sizes:     COMMON   BANK0   BANK1   BANK2   BANK3   BANK4   BANK5   BANK6   BANK7   BANK8   BANK9  BANK10  BANK11  BANK12
      Params:         0      16       0       0       0       0       0       0       0       0       0       0       0       0
      Locals:         2       0       0       0       0       0       0       0       0       0       0       0       0       0
      Temps:          1       0       0       0       0       0       0       0       0       0       0       0       0       0
      Totals:         3      16       0       0       0       0       0       0       0       0       0       0       0       0
Total ram usage:       19 bytes
 Hardware stack levels used:    1
 This function calls:
		Nothing
 This function is called by:
		_dtoa
 This function uses a non-reentrant model


 *************** function ___aodiv *****************
 Defined at:
		line 7 in file "C:\Program Files (x86)\Microchip\xc8\v2.05\pic\sources\c99\common\aodiv.c"
 Parameters:    Size  Location     Type
  divisor         8    0[BANK0 ] long long 
  dividend        8    8[BANK0 ] long long 
 Auto vars:     Size  Location     Type
  quotient        8    3[COMMON] long long 
  sign            1    2[COMMON] unsigned char 
  counter         1    1[COMMON] unsigned char 
 Return value:  Size  Location     Type
                  8    0[BANK0 ] long long 
 Registers used:
		wreg, fsr1l, fsr1h, status,2, status,0
 Tracked objects:
		On entry : 
		On exit  : 
		Unchanged: 
 Data sizes:     COMMON   BANK0   BANK1   BANK2   BANK3   BANK4   BANK5   BANK6   BANK7   BANK8   BANK9  BANK10  BANK11  BANK12
      Params:         0      16       0       0       0       0       0       0       0       0       0       0       0       0
      Locals:        10       0       0       0       0       0       0       0       0       0       0       0       0       0
      Temps:          1       0       0       0       0       0       0       0       0       0       0       0       0       0
      Totals:        11      16       0       0       0       0       0       0       0       0       0       0       0       0
Total ram usage:       27 bytes
 Hardware stack levels used:    1
 This function calls:
		Nothing
 This function is called by:
		_dtoa
 This function uses a non-reentrant model


 *************** function _EUSART1_Write *****************
 Defined at:
		line 131 in file "mcc_generated_files/eusart1.c"
 Parameters:    Size  Location     Type
  txData          1    wreg     unsigned char 
 Auto vars:     Size  Location     Type
  txData          1    0[COMMON] unsigned char 
 Return value:  Size  Location     Type
                  1    wreg      void 
 Registers used:
		wreg
 Tracked objects:
		On entry : 
		On exit  : 
		Unchanged: 
 Data sizes:     COMMON   BANK0   BANK1   BANK2   BANK3   BANK4   BANK5   BANK6   BANK7   BANK8   BANK9  BANK10  BANK11  BANK12
      Params:         0       0       0       0       0       0       0       0       0       0       0       0       0       0
      Locals:         1       0       0       0       0       0       0       0       0       0       0       0       0       0
      Temps:          0       0       0       0       0       0       0       0       0       0       0       0       0       0
      Totals:         1       0       0       0       0       0       0       0       0       0       0       0       0       0
Total ram usage:        1 bytes
 Hardware stack levels used:    1
 This function calls:
		Nothing
 This function is called by:
		_main
 This function uses a non-reentrant model


 *************** function _EUSART1_Initialize *****************
 Defined at:
		line 65 in file "mcc_generated_files/eusart1.c"
 Parameters:    Size  Location     Type
		None
 Auto vars:     Size  Location     Type
		None
 Return value:  Size  Location     Type
                  1    wreg      void 
 Registers used:
		wreg, status,2, status,0, pclath, cstack
 Tracked objects:
		On entry : 
		On exit  : 
		Unchanged: 
 Data sizes:     COMMON   BANK0   BANK1   BANK2   BANK3   BANK4   BANK5   BANK6   BANK7   BANK8   BANK9  BANK10  BANK11  BANK12
      Params:         0       0       0       0       0       0       0       0       0       0       0       0       0       0
      Locals:         0       0       0       0       0       0       0       0       0       0       0       0       0       0
      Temps:          0       0       0       0       0       0       0       0       0       0       0       0       0       0
      Totals:         0       0       0       0       0       0       0       0       0       0       0       0       0       0
Total ram usage:        0 bytes
 Hardware stack levels used:    1
 Hardware stack levels required when called:    1
 This function calls:
		_EUSART1_SetErrorHandler
		_EUSART1_SetFramingErrorHandler
		_EUSART1_SetOverrunErrorHandler
 This function is called by:
		_main
		_SYSTEM_Initialize
 This function uses a non-reentrant model


 *************** function _EUSART1_SetOverrunErrorHandler *****************
 Defined at:
		line 168 in file "mcc_generated_files/eusart1.c"
 Parameters:    Size  Location     Type
  interruptHan    2    0[COMMON] PTR FTN()void 
		 -> EUSART1_DefaultOverrunErrorHandler(1), 
 Auto vars:     Size  Location     Type
		None
 Return value:  Size  Location     Type
                  1    wreg      void 
 Registers used:
		wreg
 Tracked objects:
		On entry : 
		On exit  : 
		Unchanged: 
 Data sizes:     COMMON   BANK0   BANK1   BANK2   BANK3   BANK4   BANK5   BANK6   BANK7   BANK8   BANK9  BANK10  BANK11  BANK12
      Params:         2       0       0       0       0       0       0       0       0       0       0       0       0       0
      Locals:         0       0       0       0       0       0       0       0       0       0       0       0       0       0
      Temps:          0       0       0       0       0       0       0       0       0       0       0       0       0       0
      Totals:         2       0       0       0       0       0       0       0       0       0       0       0       0       0
Total ram usage:        2 bytes
 Hardware stack levels used:    1
 This function calls:
		Nothing
 This function is called by:
		_EUSART1_Initialize
 This function uses a non-reentrant model


 *************** function _EUSART1_SetFramingErrorHandler *****************
 Defined at:
		line 164 in file "mcc_generated_files/eusart1.c"
 Parameters:    Size  Location     Type
  interruptHan    2    0[COMMON] PTR FTN()void 
		 -> EUSART1_DefaultFramingErrorHandler(1), 
 Auto vars:     Size  Location     Type
		None
 Return value:  Size  Location     Type
                  1    wreg      void 
 Registers used:
		wreg
 Tracked objects:
		On entry : 
		On exit  : 
		Unchanged: 
 Data sizes:     COMMON   BANK0   BANK1   BANK2   BANK3   BANK4   BANK5   BANK6   BANK7   BANK8   BANK9  BANK10  BANK11  BANK12
      Params:         2       0       0       0       0       0       0       0       0       0       0       0       0       0
      Locals:         0       0       0       0       0       0       0       0       0       0       0       0       0       0
      Temps:          0       0       0       0       0       0       0       0       0       0       0       0       0       0
      Totals:         2       0       0       0       0       0       0       0       0       0       0       0       0       0
Total ram usage:        2 bytes
 Hardware stack levels used:    1
 This function calls:
		Nothing
 This function is called by:
		_EUSART1_Initialize
 This function uses a non-reentrant model


 *************** function _EUSART1_SetErrorHandler *****************
 Defined at:
		line 172 in file "mcc_generated_files/eusart1.c"
 Parameters:    Size  Location     Type
  interruptHan    2    0[COMMON] PTR FTN()void 
		 -> EUSART1_DefaultErrorHandler(1), 
 Auto vars:     Size  Location     Type
		None
 Return value:  Size  Location     Type
                  1    wreg      void 
 Registers used:
		wreg
 Tracked objects:
		On entry : 
		On exit  : 
		Unchanged: 
 Data sizes:     COMMON   BANK0   BANK1   BANK2   BANK3   BANK4   BANK5   BANK6   BANK7   BANK8   BANK9  BANK10  BANK11  BANK12
      Params:         2       0       0       0       0       0       0       0       0       0       0       0       0       0
      Locals:         0       0       0       0       0       0       0       0       0       0       0       0       0       0
      Temps:          0       0       0       0       0       0       0       0       0       0       0       0       0       0
      Totals:         2       0       0       0       0       0       0       0       0       0       0       0       0       0
Total ram usage:        2 bytes
 Hardware stack levels used:    1
 This function calls:
		Nothing
 This function is called by:
		_EUSART1_Initialize
 This function uses a non-reentrant model



MODULE INFORMATION

Module		Function		Class		Link	Load	Size
C:\Program Files (x86)\Microchip\xc8\v2.05\pic\sources\c99\common\nf_getc.c
		_fgetc         		CODE           	00A4	0000	53

C:\Program Files (x86)\Microchip\xc8\v2.05\pic\sources\c99\common\nf_getc.c estimated size: 53

C:\Program Files (x86)\Microchip\xc8\v2.05\pic\sources\c99\common\printf.c
		_printf        		CODE           	0EF3	0000	23

C:\Program Files (x86)\Microchip\xc8\v2.05\pic\sources\c99\common\printf.c estimated size: 23

C:\Program Files (x86)\Microchip\xc8\v2.05\pic\sources\c99\common\getch.c
		_getch         		CODE           	0E91	0000	6

C:\Program Files (x86)\Microchip\xc8\v2.05\pic\sources\c99\common\getch.c estimated size: 6

C:\Program Files (x86)\Microchip\xc8\v2.05\pic\sources\c99\common\nf_fputc.c
		_fputc         		CODE           	00D8	0000	54

C:\Program Files (x86)\Microchip\xc8\v2.05\pic\sources\c99\common\nf_fputc.c estimated size: 54

C:\Program Files (x86)\Microchip\xc8\v2.05\pic\sources\c99\common\getchar.c
		_getchar       		CODE           	0EB6	0000	9

C:\Program Files (x86)\Microchip\xc8\v2.05\pic\sources\c99\common\getchar.c estimated size: 9

C:\Program Files (x86)\Microchip\xc8\v2.05\pic\sources\c99\common\islower.c
		_islower       		CODE           	0F37	0000	24

C:\Program Files (x86)\Microchip\xc8\v2.05\pic\sources\c99\common\islower.c estimated size: 24

C:\Program Files (x86)\Microchip\xc8\v2.05\pic\sources\c99\common\aodiv.c
		___aodiv       		CODE           	0312	0000	244

C:\Program Files (x86)\Microchip\xc8\v2.05\pic\sources\c99\common\aodiv.c estimated size: 244

C:\Program Files (x86)\Microchip\xc8\v2.05\pic\sources\c99\common\isupper.c
		_isupper       		CODE           	0F20	0000	24

C:\Program Files (x86)\Microchip\xc8\v2.05\pic\sources\c99\common\isupper.c estimated size: 24

C:\Program Files (x86)\Microchip\xc8\v2.05\pic\sources\c99\common\toupper.c
		_toupper       		CODE           	0FBB	0000	34

C:\Program Files (x86)\Microchip\xc8\v2.05\pic\sources\c99\common\toupper.c estimated size: 34

C:\Program Files (x86)\Microchip\xc8\v2.05\pic\sources\c99\common\strlen.c
		_strlen        		CODE           	0F65	0000	25

C:\Program Files (x86)\Microchip\xc8\v2.05\pic\sources\c99\common\strlen.c estimated size: 25

C:\Program Files (x86)\Microchip\xc8\v2.05\pic\sources\c99\common\doprnt.c
		_vfpfcnvrt     		CODE           	0405	0000	311
		_pad           		CODE           	0142	0000	81
		_dtoa          		CODE           	053B	0000	340
		_vfprintf      		CODE           	010D	0000	54
		_xtoa          		CODE           	068E	0000	347

C:\Program Files (x86)\Microchip\xc8\v2.05\pic\sources\c99\common\doprnt.c estimated size: 1133

shared
		_adxl34x_reg_init		STRCODE        	0800	0000	46
		__initialization		CODE           	07E8	0000	22

shared estimated size: 68

mcc_generated_files/eusart1.c
		_EUSART1_Initialize		CODE           	0F9A	0000	34
		_putch         		CODE           	0ED3	0000	13
		_EUSART1_SetFramingErrorHandler		CODE           	0E9C	0000	7
		_EUSART1_SetOverrunErrorHandler		CODE           	0EA2	0000	7
		_EUSART1_SetErrorHandler		CODE           	0E96	0000	7
		_EUSART1_Write 		CODE           	0EAE	0000	9

mcc_generated_files/eusart1.c estimated size: 77

C:\Program Files (x86)\Microchip\xc8\v2.05\pic\sources\c99\common\isalpha.c
		_isalpha       		CODE           	0F7D	0000	30

C:\Program Files (x86)\Microchip\xc8\v2.05\pic\sources\c99\common\isalpha.c estimated size: 30

C:\Program Files (x86)\Microchip\xc8\v2.05\pic\sources\c99\common\abs.c
		_abs           		CODE           	0F09	0000	24

C:\Program Files (x86)\Microchip\xc8\v2.05\pic\sources\c99\common\abs.c estimated size: 24

C:\Program Files (x86)\Microchip\xc8\v2.05\pic\sources\c99\common\nf_fputs.c
		_fputs         		CODE           	004B	0000	39

C:\Program Files (x86)\Microchip\xc8\v2.05\pic\sources\c99\common\nf_fputs.c estimated size: 39

C:/Users/tec4.ele/MPLABXProjects/00119Repo.X/adxl34x.c
		_exitLowPowerMode		CODE           	0027	0000	37
		_setReadWriteByteInterfaces		CODE           	0EC8	0000	12
		_enterLowPowerMode		CODE           	0006	0000	34
		_setReadWriteMultipleByteInterfaces		CODE           	0EBE	0000	11
		_exitAutoSleepMode		CODE           	0FDC	0000	37
		_initializeDevice		CODE           	0EDF	0000	21

C:/Users/tec4.ele/MPLABXProjects/00119Repo.X/adxl34x.c estimated size: 152

main.c
		_main          		CODE           	0192	0000	165
		_writeMul      		CODE           	0071	0000	52
		_write         		CODE           	0F4E	0000	24

main.c estimated size: 241

C:\Program Files (x86)\Microchip\xc8\v2.05\pic\sources\c99\common\aomod.c
		___aomod       		CODE           	0236	0000	221

C:\Program Files (x86)\Microchip\xc8\v2.05\pic\sources\c99\common\aomod.c estimated size: 221

